nohup: ignoring input
[INFO] [Thread-548271853600] Iniciando servidor HTTP...
[INFO] [Thread-548271853600] Ruta registrada: GET /
[INFO] [Thread-548271853600] Stream  Handler inicializado
[INFO] [Thread-548271853600] Ruta registrada: GET /stream
[INFO] [Thread-548271853600] LinuxSocketServer listening on port 8080
[DEBUG] [Thread-548067267104] Hay 0 Clientes conectados
[DEBUG] [Thread-548067267104] Hay 0 Clientes conectados
[DEBUG] [Thread-548067267104] Hay 0 Clientes conectados
[DEBUG] [Thread-548067267104] Hay 0 Clientes conectados
[DEBUG] [Thread-548067267104] Hay 0 Clientes conectados
[DEBUG] [Thread-548067267104] Hay 0 Clientes conectados
[DEBUG] [Thread-548067267104] Hay 0 Clientes conectados
[INFO] [Thread-548058812960] handleClient: bytesReceived = 84 en socket 4
[INFO] [Thread-548058812960] Metodo: GET, Path: /stream
[INFO] [Thread-548058812960] Ruta encontrada: GET /stream
[DEBUG] [Thread-548067267104] Hay 1 Clientes conectados
[DEBUG] [Thread-548067267104] Hay 1 Clientes conectados
[DEBUG] [Thread-548067267104] Hay 1 Clientes conectados
[DEBUG] [Thread-548067267104] Hay 1 Clientes conectados
[INFO] [Thread-548058812960] Conexion cerrada en 4
[DEBUG] [Thread-548067267104] Hay 1 Clientes conectados
[DEBUG] [Thread-548067267104] Hay 0 Clientes conectados
[DEBUG] [Thread-548067267104] Hay 0 Clientes conectados
[DEBUG] [Thread-548067267104] Hay 0 Clientes conectados
[DEBUG] [Thread-548067267104] Hay 0 Clientes conectados
[DEBUG] [Thread-548067267104] Hay 0 Clientes conectados
[DEBUG] [Thread-548067267104] Hay 0 Clientes conectados
[DEBUG] [Thread-548067267104] Hay 0 Clientes conectados
[DEBUG] [Thread-548067267104] Hay 0 Clientes conectados
[DEBUG] [Thread-548067267104] Hay 0 Clientes conectados
[DEBUG] [Thread-548067267104] Hay 0 Clientes conectados
[DEBUG] [Thread-548067267104] Hay 0 Clientes conectados
[DEBUG] [Thread-548067267104] Hay 0 Clientes conectados
[DEBUG] [Thread-548067267104] Hay 0 Clientes conectados
[DEBUG] [Thread-548067267104] Hay 0 Clientes conectados
[DEBUG] [Thread-548067267104] Hay 0 Clientes conectados
[DEBUG] [Thread-548067267104] Hay 0 Clientes conectados
[DEBUG] [Thread-548067267104] Hay 0 Clientes conectados
[DEBUG] [Thread-548067267104] Hay 0 Clientes conectados
[DEBUG] [Thread-548067267104] Hay 0 Clientes conectados
[DEBUG] [Thread-548067267104] Hay 0 Clientes conectados
[DEBUG] [Thread-548067267104] Hay 0 Clientes conectados
[DEBUG] [Thread-548067267104] Hay 0 Clientes conectados
[DEBUG] [Thread-548067267104] Hay 0 Clientes conectados
[DEBUG] [Thread-548067267104] Hay 0 Clientes conectados
[DEBUG] [Thread-548067267104] Hay 0 Clientes conectados
[DEBUG] [Thread-548067267104] Hay 0 Clientes conectados
[DEBUG] [Thread-548067267104] Hay 0 Clientes conectados
[DEBUG] [Thread-548067267104] Hay 0 Clientes conectados
[DEBUG] [Thread-548067267104] Hay 0 Clientes conectados
[DEBUG] [Thread-548067267104] Hay 0 Clientes conectados
[DEBUG] [Thread-548067267104] Hay 0 Clientes conectados
[DEBUG] [Thread-548067267104] Hay 0 Clientes conectados
[DEBUG] [Thread-548067267104] Hay 0 Clientes conectados
[DEBUG] [Thread-548067267104] Hay 0 Clientes conectados
[DEBUG] [Thread-548067267104] Hay 0 Clientes conectados
[DEBUG] [Thread-548067267104] Hay 0 Clientes conectados
[DEBUG] [Thread-548067267104] Hay 0 Clientes conectados
[DEBUG] [Thread-548067267104] Hay 0 Clientes conectados
[DEBUG] [Thread-548067267104] Hay 0 Clientes conectados
[INFO] [Thread-548058812960] handleClient: bytesReceived = 700 en socket 5
[INFO] [Thread-548058812960] Metodo: GET, Path: /
[INFO] [Thread-548058812960] Ruta encontrada: GET /
[INFO] [Thread-548058812960] Conexion cerrada en 5
[INFO] [Thread-548050358816] handleClient: bytesReceived = 626 en socket 4
[INFO] [Thread-548050358816] Metodo: GET, Path: /favicon.ico
[INFO] [Thread-548050358816] Usando ruta por defecto para: GET /favicon.ico
[INFO] [Thread-548050358816] Número máximo de clientes alcanzado. Devolviendo info
[INFO] [Thread-548050358816] Conexion cerrada en 4
[DEBUG] [Thread-548067267104] Hay 1 Clientes conectados
[DEBUG] [Thread-548067267104] Hay 0 Clientes conectados
[DEBUG] [Thread-548067267104] Hay 0 Clientes conectados
[DEBUG] [Thread-548067267104] Hay 0 Clientes conectados
[DEBUG] [Thread-548067267104] Hay 0 Clientes conectados
[DEBUG] [Thread-548067267104] Hay 0 Clientes conectados
[DEBUG] [Thread-548067267104] Hay 0 Clientes conectados
[DEBUG] [Thread-548067267104] Hay 0 Clientes conectados
[DEBUG] [Thread-548067267104] Hay 0 Clientes conectados
[DEBUG] [Thread-548067267104] Hay 0 Clientes conectados
[DEBUG] [Thread-548067267104] Hay 0 Clientes conectados
[DEBUG] [Thread-548067267104] Hay 0 Clientes conectados
[DEBUG] [Thread-548067267104] Hay 0 Clientes conectados
[DEBUG] [Thread-548067267104] Hay 0 Clientes conectados
[DEBUG] [Thread-548067267104] Hay 0 Clientes conectados
[DEBUG] [Thread-548067267104] Hay 0 Clientes conectados
[DEBUG] [Thread-548067267104] Hay 0 Clientes conectados
[DEBUG] [Thread-548067267104] Hay 0 Clientes conectados
[DEBUG] [Thread-548067267104] Hay 0 Clientes conectados
[DEBUG] [Thread-548067267104] Hay 0 Clientes conectados
[DEBUG] [Thread-548067267104] Hay 0 Clientes conectados
[DEBUG] [Thread-548067267104] Hay 0 Clientes conectados
[DEBUG] [Thread-548067267104] Hay 0 Clientes conectados
[DEBUG] [Thread-548067267104] Hay 0 Clientes conectados
[DEBUG] [Thread-548067267104] Hay 0 Clientes conectados
[DEBUG] [Thread-548067267104] Hay 0 Clientes conectados
[DEBUG] [Thread-548067267104] Hay 0 Clientes conectados
[DEBUG] [Thread-548067267104] Hay 0 Clientes conectados
[DEBUG] [Thread-548067267104] Hay 0 Clientes conectados
[DEBUG] [Thread-548067267104] Hay 0 Clientes conectados
[DEBUG] [Thread-548067267104] Hay 0 Clientes conectados
[DEBUG] [Thread-548067267104] Hay 0 Clientes conectados
[DEBUG] [Thread-548067267104] Hay 0 Clientes conectados
[DEBUG] [Thread-548067267104] Hay 0 Clientes conectados
[DEBUG] [Thread-548067267104] Hay 0 Clientes conectados
[DEBUG] [Thread-548067267104] Hay 0 Clientes conectados
[DEBUG] [Thread-548067267104] Hay 0 Clientes conectados
[DEBUG] [Thread-548067267104] Hay 0 Clientes conectados
[DEBUG] [Thread-548067267104] Hay 0 Clientes conectados
[DEBUG] [Thread-548067267104] Hay 0 Clientes conectados
[DEBUG] [Thread-548067267104] Hay 0 Clientes conectados
[DEBUG] [Thread-548067267104] Hay 0 Clientes conectados
[DEBUG] [Thread-548067267104] Hay 0 Clientes conectados
[DEBUG] [Thread-548067267104] Hay 0 Clientes conectados
[DEBUG] [Thread-548067267104] Hay 0 Clientes conectados
[DEBUG] [Thread-548067267104] Hay 0 Clientes conectados
[DEBUG] [Thread-548067267104] Hay 0 Clientes conectados
[DEBUG] [Thread-548067267104] Hay 0 Clientes conectados
[DEBUG] [Thread-548067267104] Hay 0 Clientes conectados
[DEBUG] [Thread-548067267104] Hay 0 Clientes conectados
[DEBUG] [Thread-548067267104] Hay 0 Clientes conectados
[DEBUG] [Thread-548067267104] Hay 0 Clientes conectados
[DEBUG] [Thread-548067267104] Hay 0 Clientes conectados
[DEBUG] [Thread-548067267104] Hay 0 Clientes conectados
[DEBUG] [Thread-548067267104] Hay 0 Clientes conectados
[DEBUG] [Thread-548067267104] Hay 0 Clientes conectados
[DEBUG] [Thread-548067267104] Hay 0 Clientes conectados
[DEBUG] [Thread-548067267104] Hay 0 Clientes conectados
[DEBUG] [Thread-548067267104] Hay 0 Clientes conectados
[DEBUG] [Thread-548067267104] Hay 0 Clientes conectados
[DEBUG] [Thread-548067267104] Hay 0 Clientes conectados
[DEBUG] [Thread-548067267104] Hay 0 Clientes conectados
[DEBUG] [Thread-548067267104] Hay 0 Clientes conectados
[DEBUG] [Thread-548067267104] Hay 0 Clientes conectados
[DEBUG] [Thread-548067267104] Hay 0 Clientes conectados
[DEBUG] [Thread-548067267104] Hay 0 Clientes conectados
[DEBUG] [Thread-548067267104] Hay 0 Clientes conectados
[DEBUG] [Thread-548067267104] Hay 0 Clientes conectados
[DEBUG] [Thread-548067267104] Hay 0 Clientes conectados
[DEBUG] [Thread-548067267104] Hay 0 Clientes conectados
[DEBUG] [Thread-548067267104] Hay 0 Clientes conectados
[DEBUG] [Thread-548067267104] Hay 0 Clientes conectados
[DEBUG] [Thread-548067267104] Hay 0 Clientes conectados
[DEBUG] [Thread-548067267104] Hay 0 Clientes conectados
[DEBUG] [Thread-548067267104] Hay 0 Clientes conectados
[DEBUG] [Thread-548067267104] Hay 0 Clientes conectados
[DEBUG] [Thread-548067267104] Hay 0 Clientes conectados
[DEBUG] [Thread-548067267104] Hay 0 Clientes conectados
[DEBUG] [Thread-548067267104] Hay 0 Clientes conectados
[DEBUG] [Thread-548067267104] Hay 0 Clientes conectados
[DEBUG] [Thread-548067267104] Hay 0 Clientes conectados
[DEBUG] [Thread-548067267104] Hay 0 Clientes conectados
[DEBUG] [Thread-548067267104] Hay 0 Clientes conectados
[DEBUG] [Thread-548067267104] Hay 0 Clientes conectados
[DEBUG] [Thread-548067267104] Hay 0 Clientes conectados
[DEBUG] [Thread-548067267104] Hay 0 Clientes conectados
[DEBUG] [Thread-548067267104] Hay 0 Clientes conectados
[DEBUG] [Thread-548067267104] Hay 0 Clientes conectados
[DEBUG] [Thread-548067267104] Hay 0 Clientes conectados
[DEBUG] [Thread-548067267104] Hay 0 Clientes conectados
[DEBUG] [Thread-548067267104] Hay 0 Clientes conectados
[DEBUG] [Thread-548067267104] Hay 0 Clientes conectados
[DEBUG] [Thread-548067267104] Hay 0 Clientes conectados
[DEBUG] [Thread-548067267104] Hay 0 Clientes conectados
[DEBUG] [Thread-548067267104] Hay 0 Clientes conectados
[DEBUG] [Thread-548067267104] Hay 0 Clientes conectados
[DEBUG] [Thread-548067267104] Hay 0 Clientes conectados
[DEBUG] [Thread-548067267104] Hay 0 Clientes conectados
[DEBUG] [Thread-548067267104] Hay 0 Clientes conectados
[DEBUG] [Thread-548067267104] Hay 0 Clientes conectados
[DEBUG] [Thread-548067267104] Hay 0 Clientes conectados
[DEBUG] [Thread-548067267104] Hay 0 Clientes conectados
[DEBUG] [Thread-548067267104] Hay 0 Clientes conectados
[DEBUG] [Thread-548067267104] Hay 0 Clientes conectados
[DEBUG] [Thread-548067267104] Hay 0 Clientes conectados
[DEBUG] [Thread-548067267104] Hay 0 Clientes conectados
[DEBUG] [Thread-548067267104] Hay 0 Clientes conectados
[DEBUG] [Thread-548067267104] Hay 0 Clientes conectados
[DEBUG] [Thread-548067267104] Hay 0 Clientes conectados
[DEBUG] [Thread-548067267104] Hay 0 Clientes conectados
[DEBUG] [Thread-548067267104] Hay 0 Clientes conectados
[DEBUG] [Thread-548067267104] Hay 0 Clientes conectados
[DEBUG] [Thread-548067267104] Hay 0 Clientes conectados
[DEBUG] [Thread-548067267104] Hay 0 Clientes conectados
[DEBUG] [Thread-548067267104] Hay 0 Clientes conectados
[DEBUG] [Thread-548067267104] Hay 0 Clientes conectados
[DEBUG] [Thread-548067267104] Hay 0 Clientes conectados
[DEBUG] [Thread-548067267104] Hay 0 Clientes conectados
